[2026-08-04 09:18:59] ==========================================================
[2026-08-04 09:18:59] Joseph daily run - 32 live contract(s)
[2026-08-04 09:18:59]   LATE Headrow Court, Leeds                     7 step(s), on site 2026-09-07
[2026-08-04 09:18:59]         Sign off the purchase order        due 2026-06-15
[2026-08-04 09:18:59]         Provisionally book the installatio due 2026-06-22
[2026-08-04 09:18:59]         Submit designs                     due 2026-06-29
[2026-08-04 09:18:59]         Book the survey                    due 2026-07-06
[2026-08-04 09:19:00]   LATE Hollickwood School - windows             3 step(s), on site 2026-10-12
[2026-08-04 09:19:00]         Sign off the purchase order        due 2026-07-20
[2026-08-04 09:19:00]         Provisionally book the installatio due 2026-07-27
[2026-08-04 09:19:00]         Submit designs                     due 2026-08-03
[2026-08-04 09:19:00] 
[2026-08-04 09:19:00]   29 live contract(s) have NO SITE DATE, so none of their steps has a
[2026-08-04 09:19:00]   date and nothing can be scheduled. This is the one edit that turns
[2026-08-04 09:19:00]   the contracts board on:
[2026-08-04 09:19:00]         3557
[2026-08-04 09:19:00]         3475
[2026-08-04 09:19:00]         3476
[2026-08-04 09:19:00]         3050
[2026-08-04 09:19:00]         3260
[2026-08-04 09:19:00]         3521
[2026-08-04 09:19:00]         3496
[2026-08-04 09:19:00]         3407
[2026-08-04 09:19:00]         3531
[2026-08-04 09:19:00]         3423
[2026-08-04 09:19:00]         ... and 19 more
[2026-08-04 09:19:00] 
[2026-08-04 09:19:00] done - 3 scheduled, 10 late step(s), 29 without a site date
[2026-08-04 09:20:21] ==========================================================
[2026-08-04 09:20:21] Joseph daily run - 60 live contract(s)
[2026-08-04 09:20:21]   LATE Headrow Court, Leeds                     7 step(s), on site 2026-09-07
[2026-08-04 09:20:21]         Sign off the purchase order        due 2026-06-15
[2026-08-04 09:20:21]         Provisionally book the installatio due 2026-06-22
[2026-08-04 09:20:21]         Submit designs                     due 2026-06-29
[2026-08-04 09:20:21]         Book the survey                    due 2026-07-06
[2026-08-04 09:20:22]   LATE Hollickwood School - windows             3 step(s), on site 2026-10-12
[2026-08-04 09:20:22]         Sign off the purchase order        due 2026-07-20
[2026-08-04 09:20:22]         Provisionally book the installatio due 2026-07-27
[2026-08-04 09:20:22]         Submit designs                     due 2026-08-03
[2026-08-04 09:20:22] 
[2026-08-04 09:20:22]   57 live contract(s) have NO SITE DATE, so none of their steps has a
[2026-08-04 09:20:22]   date and nothing can be scheduled. This is the one edit that turns
[2026-08-04 09:20:22]   the contracts board on:
[2026-08-04 09:20:22]         3557
[2026-08-04 09:20:22]         3475
[2026-08-04 09:20:22]         3476
[2026-08-04 09:20:22]         3050
[2026-08-04 09:20:22]         3260
[2026-08-04 09:20:22]         3521
[2026-08-04 09:20:22]         3496
[2026-08-04 09:20:22]         3407
[2026-08-04 09:20:22]         3531
[2026-08-04 09:20:22]         3423
[2026-08-04 09:20:22]         ... and 47 more
[2026-08-04 09:20:22] 
[2026-08-04 09:20:22] done - 3 scheduled, 10 late step(s), 57 without a site date
[2026-08-04 09:21:42] ==========================================================
[2026-08-04 09:21:42] Joseph daily run - 58 live contract(s)
[2026-08-04 09:21:43]   LATE Hollickwood School - windows             3 step(s), on site 2026-10-12
[2026-08-04 09:21:43]         Sign off the purchase order        due 2026-07-20
[2026-08-04 09:21:43]         Provisionally book the installatio due 2026-07-27
[2026-08-04 09:21:43]         Submit designs                     due 2026-08-03
[2026-08-04 09:21:43] 
[2026-08-04 09:21:43]   57 live contract(s) have NO SITE DATE, so none of their steps has a
[2026-08-04 09:21:43]   date and nothing can be scheduled. This is the one edit that turns
[2026-08-04 09:21:43]   the contracts board on:
[2026-08-04 09:21:43]         LOCAL CENTRE LAND ADJACENT TO REDCAR ROAD TOWCESTER NORTHANT
[2026-08-04 09:21:43]         STOKE PARK SCHOOL EXPANSION DANE ROAD COVENTRY CV2 4JW
[2026-08-04 09:21:43]         ST ALBANS SCHOOL ABBEY MILL LN ST ALBANS  AL3 4HB
[2026-08-04 09:21:43]         UNIT 6 PINCENTS KILN INDUSTRIAL PARK PINCENTS LANE READING R
[2026-08-04 09:21:43]         LAVENDER OAKS CARSHALTON SUTTON LONDON SM4 4AQ
[2026-08-04 09:21:43]         MIDFIELD PRIMARY SCHOOL GROVELANDS ROAD ORPINGTON BROMLEY BR
[2026-08-04 09:21:43]         40 WALTON CRESCENT  OXFORD OX1 2JQ
[2026-08-04 09:21:43]         41 KINGS ROAD WINDSOR BERKSHIRE SL4 2AD
[2026-08-04 09:21:43]         RAGLAN ROOFING PROJECT WELLINGTON RD ENFIELD  EN1 2NS
[2026-08-04 09:21:43]         4 OLD WOVERTON ROAD WOLVERTON MILTON KEYNES BUCKINGHAMSHIRE 
[2026-08-04 09:21:43]         ... and 47 more
[2026-08-04 09:21:43] 
[2026-08-04 09:21:43] done - 1 scheduled, 3 late step(s), 57 without a site date
